[2026-06-11 02:42:45] ======= INICIO DE RESPALDO =======
[2026-06-11 02:42:45] Comprimiendo /home/matias/datos...
[2026-06-11 02:42:45] Archivo creado: /home/matias/backup_gdrive/temp/backup_20260611_024245.tar.gz
[2026-06-11 02:42:46] Buscando carpeta 'Respaldos_Linux' en Google Drive...
[2026-06-11 02:42:47] Subiendo backup_20260611_024245.tar.gz a Google Drive...
[2026-06-11 02:42:49] Respaldo subido correctamente. ID Drive: 17nPE6OZos0UTu906j-5Gq1PfiJl01Poh
[2026-06-11 02:42:49] Archivo temporal eliminado.
[2026-06-11 02:42:49] ======= RESPALDO COMPLETADO =======
[2026-06-11 03:00:03] Buscando respaldos con mas de 7 dias...
[2026-06-11 03:00:04] Limpieza completada.
[2026-06-11 05:00:01] ======= INICIO DE RESPALDO =======
[2026-06-11 05:00:01] Comprimiendo /home/matias/datos...
[2026-06-11 05:00:01] Archivo creado: /home/matias/backup_gdrive/temp/backup_20260611_050001.tar.gz
[2026-06-11 05:00:01] Buscando carpeta 'Respaldos_Linux' en Google Drive...
[2026-06-11 05:00:03] Subiendo backup_20260611_050001.tar.gz a Google Drive...
[2026-06-11 05:00:05] Respaldo subido correctamente. ID Drive: 1_QwjKvY42sT61P77CcGjvPlmawA0eZiA
[2026-06-11 05:00:05] Archivo temporal eliminado.
[2026-06-11 05:00:05] ======= RESPALDO COMPLETADO =======
[2026-06-11 05:04:43] Buscando respaldos con mas de 0 dias...
[2026-06-11 05:04:44] Limpieza completada.
[2026-06-11 05:06:02] Buscando respaldos con mas de 0 dias...
[2026-06-11 05:06:03] Limpieza completada.
[2026-06-11 05:06:21] Buscando respaldos con mas de 0 dias...
[2026-06-11 05:06:22] Limpieza completada.
[2026-06-11 05:08:23] Buscando respaldos con mas de 0 dias...
[2026-06-11 05:08:23] Limpieza completada.
[2026-06-11 05:10:03] Buscando respaldos con mas de 0 dias...
[2026-06-11 05:10:03] Limpieza completada.
[2026-06-11 05:10:27] Buscando respaldos con mas de 0 dias...
[2026-06-11 05:10:28] Limpieza completada.
[2026-06-11 05:12:01] Buscando respaldos con mas de 0 dias...
[2026-06-11 05:12:03] Eliminado respaldo antiguo: backup_20260611_050001.tar.gz
[2026-06-11 05:12:05] Eliminado respaldo antiguo: backup_20260611_024245.tar.gz
[2026-06-11 05:12:06] Eliminado respaldo antiguo: backup_20260611_023251.tar.gz
[2026-06-11 05:12:06] Limpieza completada.
[2026-06-11 13:55:54] ======= INICIO DE RESPALDO =======
[2026-06-11 13:55:54] Comprimiendo /home/matias/datos...
[2026-06-11 13:55:54] Archivo creado: /home/matias/backup_gdrive/temp/backup_20260611_135554.tar.gz
[2026-06-11 13:55:55] Buscando carpeta 'Respaldos_Linux' en Google Drive...
[2026-06-11 13:55:56] Subiendo backup_20260611_135554.tar.gz a Google Drive...
[2026-06-11 13:55:58] Respaldo subido correctamente. ID Drive: 1Y7B5mTDNHnt4UCwQmryeOk-UkdiAczLD
[2026-06-11 13:55:58] Archivo temporal eliminado.
[2026-06-11 13:55:58] ======= RESPALDO COMPLETADO =======
[2026-06-11 13:57:12] ======= INICIO DE RESPALDO =======
[2026-06-11 13:57:12] Comprimiendo /home/matias/datos...
[2026-06-11 13:57:12] Archivo creado: /home/matias/backup_gdrive/temp/backup_20260611_135712.tar.gz
[2026-06-11 13:57:13] Buscando carpeta 'Respaldos_Linux' en Google Drive...
[2026-06-11 13:57:14] Subiendo backup_20260611_135712.tar.gz a Google Drive...
[2026-06-11 13:57:16] Respaldo subido correctamente. ID Drive: 1asHWTTMTJamEo2FcBfpLwmSC-iUL9V91
[2026-06-11 13:57:16] Archivo temporal eliminado.
[2026-06-11 13:57:16] ======= RESPALDO COMPLETADO =======
[2026-06-11 13:57:16] Enviando notificación por correo...
[2026-06-11 14:20:32] ======= INICIO DE RESPALDO =======
[2026-06-11 14:20:32] Comprimiendo /home/matias/datos...
[2026-06-11 14:20:32] Archivo creado: /home/matias/backup_gdrive/temp/backup_20260611_142032.tar.gz
[2026-06-11 14:20:33] Buscando carpeta 'Respaldos_Linux' en Google Drive...
[2026-06-11 14:20:34] Subiendo backup_20260611_142032.tar.gz a Google Drive...
[2026-06-11 14:20:36] Respaldo subido correctamente. ID Drive: 12E4suVF7aKtQKNmnHp6FzPq6KMolO9yv
[2026-06-11 14:20:36] Archivo temporal eliminado.
[2026-06-11 14:20:36] ======= RESPALDO COMPLETADO =======
[2026-06-11 14:20:36] Enviando notificación por correo...
[2026-06-11 14:21:04] Buscando respaldos con mas de 0 dias...
[2026-06-11 14:21:06] Eliminado respaldo antiguo: backup_20260611_142032.tar.gz
[2026-06-11 14:21:08] Eliminado respaldo antiguo: backup_20260611_135712.tar.gz
[2026-06-11 14:21:09] Eliminado respaldo antiguo: backup_20260611_135554.tar.gz
[2026-06-11 14:21:09] Limpieza completada.
[2026-06-11 14:23:05] ======= INICIO DE RESPALDO =======
[2026-06-11 14:23:05] Comprimiendo /home/matias/datos...
[2026-06-11 14:23:05] Archivo creado: /home/matias/backup_gdrive/temp/backup_20260611_142305.tar.gz
[2026-06-11 14:23:06] Buscando carpeta 'Respaldos_Linux' en Google Drive...
[2026-06-11 14:23:07] Subiendo backup_20260611_142305.tar.gz a Google Drive...
[2026-06-11 14:23:09] Respaldo subido correctamente. ID Drive: 1VImgzfYkzTcjHusRmsDk8MlFA0eywKtl
[2026-06-11 14:23:09] Archivo temporal eliminado.
[2026-06-11 14:23:09] ======= RESPALDO COMPLETADO =======
[2026-06-11 14:23:09] Enviando notificación por correo...
[2026-06-11 14:25:01] ======= INICIO DE RESPALDO =======
[2026-06-11 14:25:01] Comprimiendo /home/matias/datos...
[2026-06-11 14:25:02] Archivo creado: /home/matias/backup_gdrive/temp/backup_20260611_142501.tar.gz
[2026-06-11 14:25:02] Buscando carpeta 'Respaldos_Linux' en Google Drive...
[2026-06-11 14:25:04] Subiendo backup_20260611_142501.tar.gz a Google Drive...
[2026-06-11 14:25:06] Respaldo subido correctamente. ID Drive: 15ucN5j6rTytGXCsoiPAkK3lytM5B85q-
[2026-06-11 14:25:06] Archivo temporal eliminado.
[2026-06-11 14:25:06] ======= RESPALDO COMPLETADO =======
[2026-06-11 14:25:06] Enviando notificación por correo...
[2026-06-11 14:26:02] ======= INICIO DE RESPALDO =======
[2026-06-11 14:26:02] Comprimiendo /home/matias/datos...
[2026-06-11 14:26:02] Archivo creado: /home/matias/backup_gdrive/temp/backup_20260611_142602.tar.gz
[2026-06-11 14:26:02] Buscando carpeta 'Respaldos_Linux' en Google Drive...
[2026-06-11 14:26:04] Subiendo backup_20260611_142602.tar.gz a Google Drive...
[2026-06-11 14:26:06] Respaldo subido correctamente. ID Drive: 138fGJ6h9QwJM54H5H4_T5jP1Wr5G9flJ
[2026-06-11 14:26:06] Archivo temporal eliminado.
[2026-06-11 14:26:06] ======= RESPALDO COMPLETADO =======
[2026-06-11 14:26:06] Enviando notificación por correo...
[2026-06-11 14:27:02] ======= INICIO DE RESPALDO =======
[2026-06-11 14:27:02] Comprimiendo /home/matias/datos...
[2026-06-11 14:27:02] Archivo creado: /home/matias/backup_gdrive/temp/backup_20260611_142701.tar.gz
[2026-06-11 14:27:02] Buscando carpeta 'Respaldos_Linux' en Google Drive...
[2026-06-11 14:27:04] Subiendo backup_20260611_142701.tar.gz a Google Drive...
[2026-06-11 14:27:06] Respaldo subido correctamente. ID Drive: 125QaL-Iy4UZiMDbKXvK4J229N3koCsjp
[2026-06-11 14:27:06] Archivo temporal eliminado.
[2026-06-11 14:27:06] ======= RESPALDO COMPLETADO =======
[2026-06-11 14:27:06] Enviando notificación por correo...
[2026-06-11 14:28:01] ======= INICIO DE RESPALDO =======
[2026-06-11 14:28:01] Comprimiendo /home/matias/datos...
[2026-06-11 14:28:01] Archivo creado: /home/matias/backup_gdrive/temp/backup_20260611_142801.tar.gz
[2026-06-11 14:29:01] ======= INICIO DE RESPALDO =======
[2026-06-11 14:29:01] Comprimiendo /home/matias/datos...
[2026-06-11 14:29:01] Archivo creado: /home/matias/backup_gdrive/temp/backup_20260611_142901.tar.gz
[2026-06-11 14:29:01] ERROR: No se pudo obtener token de acceso.
[2026-06-11 14:30:01] ======= INICIO DE RESPALDO =======
[2026-06-11 14:30:01] Comprimiendo /home/matias/datos...
[2026-06-11 14:30:01] Archivo creado: /home/matias/backup_gdrive/temp/backup_20260611_143001.tar.gz
[2026-06-11 14:30:01] ERROR: No se pudo obtener token de acceso.
[2026-06-11 14:30:16] ERROR: No se pudo obtener token de acceso.
[2026-06-11 14:31:01] ======= INICIO DE RESPALDO =======
[2026-06-11 14:31:01] Comprimiendo /home/matias/datos...
[2026-06-11 14:31:01] Archivo creado: /home/matias/backup_gdrive/temp/backup_20260611_143101.tar.gz
[2026-06-11 14:31:01] ERROR: No se pudo obtener token de acceso.
[2026-06-11 14:31:01] ERROR: No se pudo obtener token de acceso.
[2026-06-11 14:32:01] ======= INICIO DE RESPALDO =======
[2026-06-11 14:32:01] Comprimiendo /home/matias/datos...
[2026-06-11 14:32:01] Archivo creado: /home/matias/backup_gdrive/temp/backup_20260611_143201.tar.gz
[2026-06-11 14:32:01] ERROR: No se pudo obtener token de acceso.
[2026-06-11 15:03:01] ======= INICIO DE RESPALDO =======
[2026-06-11 15:03:01] Comprimiendo /home/matias/datos...
[2026-06-11 15:03:01] Archivo creado: /home/matias/backup_gdrive/temp/backup_20260611_150301.tar.gz
[2026-06-11 15:03:02] ERROR: No se pudo obtener token de acceso.
[2026-06-11 15:04:04] ======= INICIO DE RESPALDO =======
[2026-06-11 15:04:04] Comprimiendo /home/matias/datos...
[2026-06-11 15:04:04] Archivo creado: /home/matias/backup_gdrive/temp/backup_20260611_150404.tar.gz
[2026-06-11 15:04:04] ERROR: No se pudo obtener token de acceso.
[2026-06-11 15:05:01] ======= INICIO DE RESPALDO =======
[2026-06-11 15:05:01] Comprimiendo /home/matias/datos...
[2026-06-11 15:05:01] Archivo creado: /home/matias/backup_gdrive/temp/backup_20260611_150501.tar.gz
[2026-06-11 15:05:02] ERROR: No se pudo obtener token de acceso.
[2026-06-11 15:06:01] ======= INICIO DE RESPALDO =======
[2026-06-11 15:06:01] Comprimiendo /home/matias/datos...
[2026-06-11 15:06:01] Archivo creado: /home/matias/backup_gdrive/temp/backup_20260611_150601.tar.gz
[2026-06-11 15:06:01] ERROR: No se pudo obtener token de acceso.
[2026-06-11 15:07:01] ======= INICIO DE RESPALDO =======
[2026-06-11 15:07:01] Comprimiendo /home/matias/datos...
[2026-06-11 15:07:01] Archivo creado: /home/matias/backup_gdrive/temp/backup_20260611_150701.tar.gz
[2026-06-11 15:07:02] ERROR: No se pudo obtener token de acceso.
[2026-06-11 15:07:19] ======= INICIO DE RESPALDO =======
[2026-06-11 15:07:19] Comprimiendo /home/matias/datos...
[2026-06-11 15:07:19] Archivo creado: /home/matias/backup_gdrive/temp/backup_20260611_150719.tar.gz
[2026-06-11 15:07:19] ERROR: No se pudo obtener token de acceso.
[2026-06-11 15:08:01] ======= INICIO DE RESPALDO =======
[2026-06-11 15:08:01] Comprimiendo /home/matias/datos...
[2026-06-11 15:08:01] Archivo creado: /home/matias/backup_gdrive/temp/backup_20260611_150801.tar.gz
[2026-06-11 15:08:02] ERROR: No se pudo obtener token de acceso.
[2026-06-11 15:09:01] ======= INICIO DE RESPALDO =======
[2026-06-11 15:09:01] Comprimiendo /home/matias/datos...
[2026-06-11 15:09:01] Archivo creado: /home/matias/backup_gdrive/temp/backup_20260611_150901.tar.gz
[2026-06-11 15:09:02] ERROR: No se pudo obtener token de acceso.
[2026-06-11 15:10:01] ======= INICIO DE RESPALDO =======
[2026-06-11 15:10:01] Comprimiendo /home/matias/datos...
[2026-06-11 15:10:01] Archivo creado: /home/matias/backup_gdrive/temp/backup_20260611_151001.tar.gz
[2026-06-11 15:10:02] ERROR: No se pudo obtener token de acceso.
[2026-06-11 15:11:01] ======= INICIO DE RESPALDO =======
[2026-06-11 15:11:01] Comprimiendo /home/matias/datos...
[2026-06-11 15:11:01] Archivo creado: /home/matias/backup_gdrive/temp/backup_20260611_151101.tar.gz
[2026-06-11 15:11:01] ERROR: No se pudo obtener token de acceso.
[2026-06-11 15:11:01] ERROR: No se pudo obtener token de acceso.
[2026-06-11 15:12:01] ======= INICIO DE RESPALDO =======
[2026-06-11 15:12:01] Comprimiendo /home/matias/datos...
[2026-06-11 15:12:01] Archivo creado: /home/matias/backup_gdrive/temp/backup_20260611_151201.tar.gz
[2026-06-11 15:12:02] ERROR: No se pudo obtener token de acceso.
[2026-06-11 15:13:01] ======= INICIO DE RESPALDO =======
[2026-06-11 15:13:01] Comprimiendo /home/matias/datos...
[2026-06-11 15:13:01] Archivo creado: /home/matias/backup_gdrive/temp/backup_20260611_151301.tar.gz
[2026-06-11 15:13:02] Buscando carpeta 'Respaldos_Linux' en Google Drive...
[2026-06-11 15:13:04] Subiendo backup_20260611_151301.tar.gz a Google Drive...
[2026-06-11 15:13:06] Respaldo subido correctamente. ID Drive: 1rb9kjvxXKzJFplYZ0C2IXf59WHARpCuN
[2026-06-11 15:13:06] Archivo temporal eliminado.
[2026-06-11 15:13:06] ======= RESPALDO COMPLETADO =======
[2026-06-11 15:13:06] Enviando notificación por correo...
[2026-06-11 15:13:42] ======= INICIO DE RESPALDO =======
[2026-06-11 15:13:42] Comprimiendo /home/matias/datos...
[2026-06-11 15:13:42] Archivo creado: /home/matias/backup_gdrive/temp/backup_20260611_151342.tar.gz
[2026-06-11 15:13:43] Buscando carpeta 'Respaldos_Linux' en Google Drive...
[2026-06-11 15:13:44] Subiendo backup_20260611_151342.tar.gz a Google Drive...
[2026-06-11 15:13:46] Respaldo subido correctamente. ID Drive: 1Qt40nkywaTmBKRsfB2Zl11SeEDNuNGPC
[2026-06-11 15:13:46] Archivo temporal eliminado.
[2026-06-11 15:13:46] ======= RESPALDO COMPLETADO =======
[2026-06-11 15:13:46] Enviando notificación por correo...
[2026-06-11 15:14:01] ======= INICIO DE RESPALDO =======
[2026-06-11 15:14:01] Comprimiendo /home/matias/datos...
[2026-06-11 15:14:01] Archivo creado: /home/matias/backup_gdrive/temp/backup_20260611_151401.tar.gz
[2026-06-11 15:14:03] Buscando carpeta 'Respaldos_Linux' en Google Drive...
[2026-06-11 15:14:04] Subiendo backup_20260611_151401.tar.gz a Google Drive...
[2026-06-11 15:14:06] Respaldo subido correctamente. ID Drive: 1eZXHJ_3khV70meLgfBSy6GzBiZycEWFR
[2026-06-11 15:14:06] Archivo temporal eliminado.
[2026-06-11 15:14:06] ======= RESPALDO COMPLETADO =======
[2026-06-11 15:14:06] Enviando notificación por correo...
[2026-06-11 15:15:01] ======= INICIO DE RESPALDO =======
[2026-06-11 15:15:01] Comprimiendo /home/matias/datos...
[2026-06-11 15:15:01] Archivo creado: /home/matias/backup_gdrive/temp/backup_20260611_151501.tar.gz
[2026-06-11 15:15:02] Buscando carpeta 'Respaldos_Linux' en Google Drive...
[2026-06-11 15:15:03] Subiendo backup_20260611_151501.tar.gz a Google Drive...
[2026-06-11 15:15:05] Respaldo subido correctamente. ID Drive: 15iaIB_x6FzqRJQ5cscSUMhJnu_BecM6z
[2026-06-11 15:15:05] Archivo temporal eliminado.
[2026-06-11 15:15:05] ======= RESPALDO COMPLETADO =======
[2026-06-11 15:15:05] Enviando notificación por correo...
[2026-06-11 15:16:01] ======= INICIO DE RESPALDO =======
[2026-06-11 15:16:01] Comprimiendo /home/matias/datos...
[2026-06-11 15:16:01] Archivo creado: /home/matias/backup_gdrive/temp/backup_20260611_151601.tar.gz
[2026-06-11 15:16:02] Buscando carpeta 'Respaldos_Linux' en Google Drive...
[2026-06-11 15:16:04] Subiendo backup_20260611_151601.tar.gz a Google Drive...
[2026-06-11 15:16:06] Respaldo subido correctamente. ID Drive: 1S9NDR9lyYIbS0lcpJwXsO0EqxNEYTFQn
[2026-06-11 15:16:06] Archivo temporal eliminado.
[2026-06-11 15:16:06] ======= RESPALDO COMPLETADO =======
[2026-06-11 15:16:06] Enviando notificación por correo...
[2026-06-11 15:17:01] ======= INICIO DE RESPALDO =======
[2026-06-11 15:17:01] Comprimiendo /home/matias/datos...
[2026-06-11 15:17:01] Archivo creado: /home/matias/backup_gdrive/temp/backup_20260611_151701.tar.gz
[2026-06-11 15:17:01] Buscando carpeta 'Respaldos_Linux' en Google Drive...
[2026-06-11 15:17:02] Subiendo backup_20260611_151701.tar.gz a Google Drive...
[2026-06-11 15:17:05] Respaldo subido correctamente. ID Drive: 15Sq4blf-aLOg2_xMwvJ9GK2lWdnVYRpa
[2026-06-11 15:17:05] Archivo temporal eliminado.
[2026-06-11 15:17:05] ======= RESPALDO COMPLETADO =======
[2026-06-11 15:17:05] Enviando notificación por correo...
[2026-06-11 15:18:01] ======= INICIO DE RESPALDO =======
[2026-06-11 15:18:01] Comprimiendo /home/matias/datos...
[2026-06-11 15:18:01] Archivo creado: /home/matias/backup_gdrive/temp/backup_20260611_151801.tar.gz
[2026-06-11 15:18:02] Buscando carpeta 'Respaldos_Linux' en Google Drive...
[2026-06-11 15:18:03] Subiendo backup_20260611_151801.tar.gz a Google Drive...
[2026-06-11 15:18:06] Respaldo subido correctamente. ID Drive: 1q-MMJcmCEKz9RsUAywZKf9AE1pH4841B
[2026-06-11 15:18:06] Archivo temporal eliminado.
[2026-06-11 15:18:06] ======= RESPALDO COMPLETADO =======
[2026-06-11 15:18:06] Enviando notificación por correo...
[2026-06-11 15:19:01] ======= INICIO DE RESPALDO =======
[2026-06-11 15:19:01] Comprimiendo /home/matias/datos...
[2026-06-11 15:19:01] Archivo creado: /home/matias/backup_gdrive/temp/backup_20260611_151901.tar.gz
[2026-06-11 15:19:01] Buscando carpeta 'Respaldos_Linux' en Google Drive...
[2026-06-11 15:19:03] Subiendo backup_20260611_151901.tar.gz a Google Drive...
[2026-06-11 15:19:05] Respaldo subido correctamente. ID Drive: 1NhzPouK05VpRSmBOQ5NGrZtT93SUgD5n
[2026-06-11 15:19:05] Archivo temporal eliminado.
[2026-06-11 15:19:05] ======= RESPALDO COMPLETADO =======
[2026-06-11 15:19:05] Enviando notificación por correo...
[2026-06-11 15:20:01] ======= INICIO DE RESPALDO =======
[2026-06-11 15:20:01] Comprimiendo /home/matias/datos...
[2026-06-11 15:20:01] Archivo creado: /home/matias/backup_gdrive/temp/backup_20260611_152001.tar.gz
[2026-06-11 15:20:02] Buscando carpeta 'Respaldos_Linux' en Google Drive...
[2026-06-11 15:20:04] Subiendo backup_20260611_152001.tar.gz a Google Drive...
[2026-06-11 15:20:06] Respaldo subido correctamente. ID Drive: 1bLwrD_TgOj89ZpdTz-Dp52BSa28gu-Xe
[2026-06-11 15:20:06] Archivo temporal eliminado.
[2026-06-11 15:20:06] ======= RESPALDO COMPLETADO =======
[2026-06-11 15:20:06] Enviando notificación por correo...
[2026-06-11 15:21:01] ======= INICIO DE RESPALDO =======
[2026-06-11 15:21:01] Comprimiendo /home/matias/datos...
[2026-06-11 15:21:01] Archivo creado: /home/matias/backup_gdrive/temp/backup_20260611_152101.tar.gz
[2026-06-11 15:21:01] Buscando carpeta 'Respaldos_Linux' en Google Drive...
[2026-06-11 15:21:03] Subiendo backup_20260611_152101.tar.gz a Google Drive...
[2026-06-11 15:21:03] Buscando respaldos con mas de 0 dias...
[2026-06-11 15:21:05] Respaldo subido correctamente. ID Drive: 1urOVbsjkdH-h1fWRcY9h65kvFq5XmSkc
[2026-06-11 15:21:05] Archivo temporal eliminado.
[2026-06-11 15:21:05] ======= RESPALDO COMPLETADO =======
[2026-06-11 15:21:05] Enviando notificación por correo...
[2026-06-11 15:21:05] Eliminado respaldo antiguo: backup_20260611_152001.tar.gz
[2026-06-11 15:21:06] Eliminado respaldo antiguo: backup_20260611_151901.tar.gz
[2026-06-11 15:21:07] Eliminado respaldo antiguo: backup_20260611_151801.tar.gz
[2026-06-11 15:21:08] Eliminado respaldo antiguo: backup_20260611_151701.tar.gz
[2026-06-11 15:21:09] Eliminado respaldo antiguo: backup_20260611_151601.tar.gz
[2026-06-11 15:21:10] Eliminado respaldo antiguo: backup_20260611_151501.tar.gz
[2026-06-11 15:21:11] Eliminado respaldo antiguo: backup_20260611_151401.tar.gz
[2026-06-11 15:21:13] Eliminado respaldo antiguo: backup_20260611_151342.tar.gz
[2026-06-11 15:21:14] Eliminado respaldo antiguo: backup_20260611_151301.tar.gz
[2026-06-11 15:21:16] Eliminado respaldo antiguo: backup_20260611_142701.tar.gz
[2026-06-11 15:21:17] Eliminado respaldo antiguo: backup_20260611_142602.tar.gz
[2026-06-11 15:21:19] Eliminado respaldo antiguo: backup_20260611_142501.tar.gz
[2026-06-11 15:21:20] Eliminado respaldo antiguo: backup_20260611_142305.tar.gz
[2026-06-11 15:21:20] Limpieza completada.
[2026-06-11 15:22:01] ======= INICIO DE RESPALDO =======
[2026-06-11 15:22:01] Comprimiendo /home/matias/datos...
[2026-06-11 15:22:01] Archivo creado: /home/matias/backup_gdrive/temp/backup_20260611_152201.tar.gz
[2026-06-11 15:22:02] Buscando carpeta 'Respaldos_Linux' en Google Drive...
[2026-06-11 15:22:02] Subiendo backup_20260611_152201.tar.gz a Google Drive...
[2026-06-11 15:22:05] Respaldo subido correctamente. ID Drive: 15LoK0f2Wy4XMlC_T0MhucNs1a2fOC_YF
[2026-06-11 15:22:05] Archivo temporal eliminado.
[2026-06-11 15:22:05] ======= RESPALDO COMPLETADO =======
[2026-06-11 15:22:05] Enviando notificación por correo...
[2026-06-11 15:23:03] Buscando respaldos con mas de 0 dias...
[2026-06-11 15:23:06] Eliminado respaldo antiguo: backup_20260611_152201.tar.gz
[2026-06-11 15:23:07] Eliminado respaldo antiguo: backup_20260611_152101.tar.gz
[2026-06-11 15:23:07] Limpieza completada.
[2026-06-11 15:24:01] ======= INICIO DE RESPALDO =======
[2026-06-11 15:24:01] Comprimiendo /home/matias/datos...
[2026-06-11 15:24:01] Archivo creado: /home/matias/backup_gdrive/temp/backup_20260611_152401.tar.gz
[2026-06-11 15:24:02] Buscando carpeta 'Respaldos_Linux' en Google Drive...
[2026-06-11 15:24:03] Subiendo backup_20260611_152401.tar.gz a Google Drive...
[2026-06-11 15:24:05] Respaldo subido correctamente. ID Drive: 1NBdWqo03dKB1p-N99XWA9kSvZwDfgz9y
[2026-06-11 15:24:05] Archivo temporal eliminado.
[2026-06-11 15:24:05] ======= RESPALDO COMPLETADO =======
[2026-06-11 15:24:05] Enviando notificación por correo...
[2026-06-11 15:25:03] Buscando respaldos con mas de 0 dias...
[2026-06-11 15:25:05] Eliminado respaldo antiguo: backup_20260611_152401.tar.gz
[2026-06-11 15:25:05] Limpieza completada.
[2026-06-11 15:26:01] ======= INICIO DE RESPALDO =======
[2026-06-11 15:26:01] Comprimiendo /home/matias/datos...
[2026-06-11 15:26:01] Archivo creado: /home/matias/backup_gdrive/temp/backup_20260611_152601.tar.gz
[2026-06-11 15:26:02] Buscando carpeta 'Respaldos_Linux' en Google Drive...
[2026-06-11 15:26:03] Subiendo backup_20260611_152601.tar.gz a Google Drive...
[2026-06-11 15:26:05] Respaldo subido correctamente. ID Drive: 1F8uzh9FB9Lgp12HWWJjiaSG-U1nX_u1m
[2026-06-11 15:26:05] Archivo temporal eliminado.
[2026-06-11 15:26:05] ======= RESPALDO COMPLETADO =======
[2026-06-11 15:26:05] Enviando notificación por correo...
[2026-06-11 15:27:03] Buscando respaldos con mas de 0 dias...
[2026-06-11 15:27:06] Eliminado respaldo antiguo: backup_20260611_152601.tar.gz
[2026-06-11 15:27:06] Limpieza completada.
[2026-06-11 15:28:01] ======= INICIO DE RESPALDO =======
[2026-06-11 15:28:01] Comprimiendo /home/matias/datos...
[2026-06-11 15:28:01] Archivo creado: /home/matias/backup_gdrive/temp/backup_20260611_152801.tar.gz
[2026-06-11 15:28:01] Buscando carpeta 'Respaldos_Linux' en Google Drive...
[2026-06-11 15:28:02] Subiendo backup_20260611_152801.tar.gz a Google Drive...
[2026-06-11 15:28:04] Respaldo subido correctamente. ID Drive: 1NChL_a_Tg6X76TiPsxL7lRATRQEvmSra
[2026-06-11 15:28:04] Archivo temporal eliminado.
[2026-06-11 15:28:04] ======= RESPALDO COMPLETADO =======
[2026-06-11 15:28:04] Enviando notificación por correo...
[2026-06-11 15:29:04] Buscando respaldos con mas de 0 dias...
[2026-06-11 15:29:06] Eliminado respaldo antiguo: backup_20260611_152801.tar.gz
[2026-06-11 15:29:06] Limpieza completada.
[2026-06-11 15:30:01] ======= INICIO DE RESPALDO =======
[2026-06-11 15:30:01] Comprimiendo /home/matias/datos...
[2026-06-11 15:30:01] Archivo creado: /home/matias/backup_gdrive/temp/backup_20260611_153001.tar.gz
[2026-06-11 15:30:02] Buscando carpeta 'Respaldos_Linux' en Google Drive...
[2026-06-11 15:30:03] Subiendo backup_20260611_153001.tar.gz a Google Drive...
[2026-06-11 15:30:05] Respaldo subido correctamente. ID Drive: 1dAekvudh3P-5kNODubssFgMVi5ArR533
[2026-06-11 15:30:05] Archivo temporal eliminado.
[2026-06-11 15:30:05] ======= RESPALDO COMPLETADO =======
[2026-06-11 15:30:05] Enviando notificación por correo...
[2026-06-11 15:31:03] Buscando respaldos con mas de 0 dias...
[2026-06-11 15:31:05] Eliminado respaldo antiguo: backup_20260611_153001.tar.gz
[2026-06-11 15:31:05] Limpieza completada.
[2026-06-11 15:32:01] ======= INICIO DE RESPALDO =======
[2026-06-11 15:32:01] Comprimiendo /home/matias/datos...
[2026-06-11 15:32:01] Archivo creado: /home/matias/backup_gdrive/temp/backup_20260611_153201.tar.gz
[2026-06-11 15:32:02] Buscando carpeta 'Respaldos_Linux' en Google Drive...
[2026-06-11 15:32:04] Subiendo backup_20260611_153201.tar.gz a Google Drive...
[2026-06-11 15:32:06] Respaldo subido correctamente. ID Drive: 1kEiXmNUjL_WUjQicuL-A-EaNKzmNSTw6
[2026-06-11 15:32:06] Archivo temporal eliminado.
[2026-06-11 15:32:06] ======= RESPALDO COMPLETADO =======
[2026-06-11 15:32:06] Enviando notificación por correo...
